--------------------------------------------------------------------------------
Release 14.7 Trace  (nt64)
Copyright (c) 1995-2013 Xilinx, Inc.  All rights reserved.

D:\Programs\XilinxISE\14.7\ISE_DS\ISE\bin\nt64\unwrapped\trce.exe -intstyle ise
-v 3 -s 4 -n 3 -fastpaths -xml multiplier.twx multiplier.ncd -o multiplier.twr
multiplier.pcf

Design file:              multiplier.ncd
Physical constraint file: multiplier.pcf
Device,package,speed:     xc3s1000,ft256,-4 (PRODUCTION 1.39 2013-10-13)
Report level:             verbose report

Environment Variable      Effect 
--------------------      ------ 
NONE                      No environment variables were set
--------------------------------------------------------------------------------

INFO:Timing:2698 - No timing constraints found, doing default enumeration.
INFO:Timing:3412 - To improve timing, see the Timing Closure User Guide (UG612).
INFO:Timing:2752 - To get complete path coverage, use the unconstrained paths 
   option. All paths that are not constrained will be reported in the 
   unconstrained paths section(s) of the report.
INFO:Timing:3339 - The clock-to-out numbers in this timing report are based on 
   a 50 Ohm transmission line loading model.  For the details of this model, 
   and for more information on accounting for different loading conditions, 
   please see the device datasheet.
INFO:Timing:3390 - This architecture does not support a default System Jitter 
   value, please add SYSTEM_JITTER constraint to the UCF to modify the Clock 
   Uncertainty calculation.
INFO:Timing:3389 - This architecture does not support 'Discrete Jitter' and 
   'Phase Error' calculations, these terms will be zero in the Clock 
   Uncertainty calculation.  Please make appropriate modification to 
   SYSTEM_JITTER to account for the unsupported Discrete Jitter and Phase 
   Error.



Data Sheet report:
-----------------
All values displayed in nanoseconds (ns)

Pad to Pad
---------------+---------------+---------+
Source Pad     |Destination Pad|  Delay  |
---------------+---------------+---------+
rg1<0>         |result<1>      |  112.595|
rg1<0>         |result<2>      |  107.229|
rg1<0>         |result<3>      |   99.075|
rg1<0>         |result<4>      |   88.048|
rg1<0>         |result<5>      |   44.674|
rg1<1>         |result<1>      |  115.783|
rg1<1>         |result<2>      |  110.417|
rg1<1>         |result<3>      |  102.263|
rg1<1>         |result<4>      |   91.236|
rg1<1>         |result<5>      |   47.862|
rg1<2>         |result<1>      |  122.129|
rg1<2>         |result<2>      |  116.763|
rg1<2>         |result<3>      |  108.609|
rg1<2>         |result<4>      |   97.582|
rg1<2>         |result<5>      |   54.208|
rg1<2>         |result<6>      |    7.542|
rg1<3>         |result<1>      |  123.387|
rg1<3>         |result<2>      |  118.021|
rg1<3>         |result<3>      |  109.867|
rg1<3>         |result<4>      |   98.840|
rg1<3>         |result<5>      |   55.466|
rg1<3>         |result<6>      |    7.910|
rg1<3>         |result<7>      |    7.527|
rg2<0>         |result<1>      |    9.824|
rg2<0>         |result<2>      |    9.891|
rg2<0>         |result<3>      |   12.249|
rg2<0>         |result<4>      |   12.013|
rg2<1>         |result<1>      |   50.019|
rg2<1>         |result<2>      |   44.653|
rg2<1>         |result<3>      |   36.499|
rg2<1>         |result<4>      |   25.472|
rg2<1>         |result<5>      |   12.206|
rg2<2>         |result<1>      |   93.309|
rg2<2>         |result<2>      |   87.943|
rg2<2>         |result<3>      |   79.789|
rg2<2>         |result<4>      |   68.762|
rg2<2>         |result<5>      |   25.388|
rg2<2>         |result<6>      |    7.799|
rg2<3>         |result<1>      |  122.244|
rg2<3>         |result<2>      |  116.878|
rg2<3>         |result<3>      |  108.724|
rg2<3>         |result<4>      |   97.697|
rg2<3>         |result<5>      |   54.323|
rg2<3>         |result<6>      |    7.336|
rg2<3>         |result<7>      |    7.358|
---------------+---------------+---------+


Analysis completed Sat Dec 14 00:55:55 2019 
--------------------------------------------------------------------------------

Trace Settings:
-------------------------
Trace Settings 

Peak Memory Usage: 4512 MB



