--------------------------------------------------------------------------------
Release 14.7 Trace  (nt64)
Copyright (c) 1995-2013 Xilinx, Inc.  All rights reserved.

D:\Programs\XilinxISE\14.7\ISE_DS\ISE\bin\nt64\unwrapped\trce.exe -intstyle ise
-v 3 -s 4 -n 3 -fastpaths -xml multiplier.twx multiplier.ncd -o multiplier.twr
multiplier.pcf

Design file:              multiplier.ncd
Physical constraint file: multiplier.pcf
Device,package,speed:     xc3s1000,ft256,-4 (PRODUCTION 1.39 2013-10-13)
Report level:             verbose report

Environment Variable      Effect 
--------------------      ------ 
NONE                      No environment variables were set
--------------------------------------------------------------------------------

INFO:Timing:2698 - No timing constraints found, doing default enumeration.
INFO:Timing:3412 - To improve timing, see the Timing Closure User Guide (UG612).
INFO:Timing:2752 - To get complete path coverage, use the unconstrained paths 
   option. All paths that are not constrained will be reported in the 
   unconstrained paths section(s) of the report.
INFO:Timing:3339 - The clock-to-out numbers in this timing report are based on 
   a 50 Ohm transmission line loading model.  For the details of this model, 
   and for more information on accounting for different loading conditions, 
   please see the device datasheet.
INFO:Timing:3390 - This architecture does not support a default System Jitter 
   value, please add SYSTEM_JITTER constraint to the UCF to modify the Clock 
   Uncertainty calculation.
INFO:Timing:3389 - This architecture does not support 'Discrete Jitter' and 
   'Phase Error' calculations, these terms will be zero in the Clock 
   Uncertainty calculation.  Please make appropriate modification to 
   SYSTEM_JITTER to account for the unsupported Discrete Jitter and Phase 
   Error.



Data Sheet report:
-----------------
All values displayed in nanoseconds (ns)

Pad to Pad
---------------+---------------+---------+
Source Pad     |Destination Pad|  Delay  |
---------------+---------------+---------+
rg1<0>         |result<1>      |  886.181|
rg1<0>         |result<2>      |  881.030|
rg1<0>         |result<3>      |  872.728|
rg1<0>         |result<4>      |  863.255|
rg1<0>         |result<5>      |  851.034|
rg1<0>         |result<6>      |  841.355|
rg1<0>         |result<7>      |  832.213|
rg1<0>         |result<8>      |  821.948|
rg1<0>         |result<9>      |  810.707|
rg1<0>         |result<10>     |  800.312|
rg1<0>         |result<11>     |  690.317|
rg1<0>         |result<12>     |  569.635|
rg1<0>         |result<13>     |  466.730|
rg1<0>         |result<14>     |  364.185|
rg1<0>         |result<15>     |  261.734|
rg1<0>         |result<16>     |  157.718|
rg1<0>         |result<17>     |   39.977|
rg1<1>         |result<1>      |  895.406|
rg1<1>         |result<2>      |  890.255|
rg1<1>         |result<3>      |  881.953|
rg1<1>         |result<4>      |  872.480|
rg1<1>         |result<5>      |  860.259|
rg1<1>         |result<6>      |  850.580|
rg1<1>         |result<7>      |  841.438|
rg1<1>         |result<8>      |  831.173|
rg1<1>         |result<9>      |  819.932|
rg1<1>         |result<10>     |  809.537|
rg1<1>         |result<11>     |  699.542|
rg1<1>         |result<12>     |  578.860|
rg1<1>         |result<13>     |  475.955|
rg1<1>         |result<14>     |  373.410|
rg1<1>         |result<15>     |  270.959|
rg1<1>         |result<16>     |  166.943|
rg1<1>         |result<17>     |   49.202|
rg1<2>         |result<1>      |  905.192|
rg1<2>         |result<2>      |  900.041|
rg1<2>         |result<3>      |  891.739|
rg1<2>         |result<4>      |  882.266|
rg1<2>         |result<5>      |  870.045|
rg1<2>         |result<6>      |  860.366|
rg1<2>         |result<7>      |  851.224|
rg1<2>         |result<8>      |  840.959|
rg1<2>         |result<9>      |  829.718|
rg1<2>         |result<10>     |  819.323|
rg1<2>         |result<11>     |  709.328|
rg1<2>         |result<12>     |  588.646|
rg1<2>         |result<13>     |  485.741|
rg1<2>         |result<14>     |  383.196|
rg1<2>         |result<15>     |  280.745|
rg1<2>         |result<16>     |  176.729|
rg1<2>         |result<17>     |   58.988|
rg1<3>         |result<1>      |  918.732|
rg1<3>         |result<2>      |  913.581|
rg1<3>         |result<3>      |  905.279|
rg1<3>         |result<4>      |  895.806|
rg1<3>         |result<5>      |  883.585|
rg1<3>         |result<6>      |  873.906|
rg1<3>         |result<7>      |  864.764|
rg1<3>         |result<8>      |  854.499|
rg1<3>         |result<9>      |  843.258|
rg1<3>         |result<10>     |  832.863|
rg1<3>         |result<11>     |  722.868|
rg1<3>         |result<12>     |  602.186|
rg1<3>         |result<13>     |  499.281|
rg1<3>         |result<14>     |  396.736|
rg1<3>         |result<15>     |  294.285|
rg1<3>         |result<16>     |  190.269|
rg1<3>         |result<17>     |   72.528|
rg1<4>         |result<1>      |  929.144|
rg1<4>         |result<2>      |  923.993|
rg1<4>         |result<3>      |  915.691|
rg1<4>         |result<4>      |  906.218|
rg1<4>         |result<5>      |  893.997|
rg1<4>         |result<6>      |  884.318|
rg1<4>         |result<7>      |  875.176|
rg1<4>         |result<8>      |  864.911|
rg1<4>         |result<9>      |  853.670|
rg1<4>         |result<10>     |  843.275|
rg1<4>         |result<11>     |  733.280|
rg1<4>         |result<12>     |  612.598|
rg1<4>         |result<13>     |  509.693|
rg1<4>         |result<14>     |  407.148|
rg1<4>         |result<15>     |  304.697|
rg1<4>         |result<16>     |  200.681|
rg1<4>         |result<17>     |   82.940|
rg1<5>         |result<1>      |  937.739|
rg1<5>         |result<2>      |  932.588|
rg1<5>         |result<3>      |  924.286|
rg1<5>         |result<4>      |  914.813|
rg1<5>         |result<5>      |  902.592|
rg1<5>         |result<6>      |  892.913|
rg1<5>         |result<7>      |  883.771|
rg1<5>         |result<8>      |  873.506|
rg1<5>         |result<9>      |  862.265|
rg1<5>         |result<10>     |  851.870|
rg1<5>         |result<11>     |  741.875|
rg1<5>         |result<12>     |  621.193|
rg1<5>         |result<13>     |  518.288|
rg1<5>         |result<14>     |  415.743|
rg1<5>         |result<15>     |  313.292|
rg1<5>         |result<16>     |  209.276|
rg1<5>         |result<17>     |   91.535|
rg1<6>         |result<1>      |  949.158|
rg1<6>         |result<2>      |  944.007|
rg1<6>         |result<3>      |  935.705|
rg1<6>         |result<4>      |  926.232|
rg1<6>         |result<5>      |  914.011|
rg1<6>         |result<6>      |  904.332|
rg1<6>         |result<7>      |  895.190|
rg1<6>         |result<8>      |  884.925|
rg1<6>         |result<9>      |  873.684|
rg1<6>         |result<10>     |  863.289|
rg1<6>         |result<11>     |  753.294|
rg1<6>         |result<12>     |  632.612|
rg1<6>         |result<13>     |  529.707|
rg1<6>         |result<14>     |  427.162|
rg1<6>         |result<15>     |  324.711|
rg1<6>         |result<16>     |  220.695|
rg1<6>         |result<17>     |  102.954|
rg1<7>         |result<1>      |  952.627|
rg1<7>         |result<2>      |  947.476|
rg1<7>         |result<3>      |  939.174|
rg1<7>         |result<4>      |  929.701|
rg1<7>         |result<5>      |  917.480|
rg1<7>         |result<6>      |  907.801|
rg1<7>         |result<7>      |  898.659|
rg1<7>         |result<8>      |  888.394|
rg1<7>         |result<9>      |  877.153|
rg1<7>         |result<10>     |  866.758|
rg1<7>         |result<11>     |  756.763|
rg1<7>         |result<12>     |  636.081|
rg1<7>         |result<13>     |  533.176|
rg1<7>         |result<14>     |  430.631|
rg1<7>         |result<15>     |  328.180|
rg1<7>         |result<16>     |  224.164|
rg1<7>         |result<17>     |  106.423|
rg1<8>         |result<1>      |  957.310|
rg1<8>         |result<2>      |  952.159|
rg1<8>         |result<3>      |  943.857|
rg1<8>         |result<4>      |  934.384|
rg1<8>         |result<5>      |  922.163|
rg1<8>         |result<6>      |  912.484|
rg1<8>         |result<7>      |  903.342|
rg1<8>         |result<8>      |  893.077|
rg1<8>         |result<9>      |  881.836|
rg1<8>         |result<10>     |  871.441|
rg1<8>         |result<11>     |  761.446|
rg1<8>         |result<12>     |  640.764|
rg1<8>         |result<13>     |  537.859|
rg1<8>         |result<14>     |  435.314|
rg1<8>         |result<15>     |  332.863|
rg1<8>         |result<16>     |  228.847|
rg1<8>         |result<17>     |  111.106|
rg1<8>         |result<18>     |    7.482|
rg1<9>         |result<1>      |  956.622|
rg1<9>         |result<2>      |  951.471|
rg1<9>         |result<3>      |  943.169|
rg1<9>         |result<4>      |  933.696|
rg1<9>         |result<5>      |  921.475|
rg1<9>         |result<6>      |  911.796|
rg1<9>         |result<7>      |  902.654|
rg1<9>         |result<8>      |  892.389|
rg1<9>         |result<9>      |  881.148|
rg1<9>         |result<10>     |  870.753|
rg1<9>         |result<11>     |  760.758|
rg1<9>         |result<12>     |  640.076|
rg1<9>         |result<13>     |  537.171|
rg1<9>         |result<14>     |  434.626|
rg1<9>         |result<15>     |  332.175|
rg1<9>         |result<16>     |  228.159|
rg1<9>         |result<17>     |  110.418|
rg1<9>         |result<18>     |    8.204|
rg1<9>         |result<19>     |    8.064|
rg2<0>         |result<1>      |   10.404|
rg2<0>         |result<2>      |    9.601|
rg2<0>         |result<3>      |   10.318|
rg2<0>         |result<4>      |   11.030|
rg2<0>         |result<5>      |   10.798|
rg2<0>         |result<6>      |   11.016|
rg2<0>         |result<7>      |   11.475|
rg2<0>         |result<8>      |   11.069|
rg2<0>         |result<9>      |   13.006|
rg2<0>         |result<10>     |   11.829|
rg2<1>         |result<1>      |  110.373|
rg2<1>         |result<2>      |  105.222|
rg2<1>         |result<3>      |   96.920|
rg2<1>         |result<4>      |   87.447|
rg2<1>         |result<5>      |   75.226|
rg2<1>         |result<6>      |   65.547|
rg2<1>         |result<7>      |   56.405|
rg2<1>         |result<8>      |   46.140|
rg2<1>         |result<9>      |   34.899|
rg2<1>         |result<10>     |   24.504|
rg2<1>         |result<11>     |   14.326|
rg2<2>         |result<1>      |  221.490|
rg2<2>         |result<2>      |  216.339|
rg2<2>         |result<3>      |  208.037|
rg2<2>         |result<4>      |  198.564|
rg2<2>         |result<5>      |  186.343|
rg2<2>         |result<6>      |  176.664|
rg2<2>         |result<7>      |  167.522|
rg2<2>         |result<8>      |  157.257|
rg2<2>         |result<9>      |  146.016|
rg2<2>         |result<10>     |  135.621|
rg2<2>         |result<11>     |   25.626|
rg2<2>         |result<12>     |   12.892|
rg2<3>         |result<1>      |  339.036|
rg2<3>         |result<2>      |  333.885|
rg2<3>         |result<3>      |  325.583|
rg2<3>         |result<4>      |  316.110|
rg2<3>         |result<5>      |  303.889|
rg2<3>         |result<6>      |  294.210|
rg2<3>         |result<7>      |  285.068|
rg2<3>         |result<8>      |  274.803|
rg2<3>         |result<9>      |  263.562|
rg2<3>         |result<10>     |  253.167|
rg2<3>         |result<11>     |  143.172|
rg2<3>         |result<12>     |   22.490|
rg2<3>         |result<13>     |   12.478|
rg2<4>         |result<1>      |  448.641|
rg2<4>         |result<2>      |  443.490|
rg2<4>         |result<3>      |  435.188|
rg2<4>         |result<4>      |  425.715|
rg2<4>         |result<5>      |  413.494|
rg2<4>         |result<6>      |  403.815|
rg2<4>         |result<7>      |  394.673|
rg2<4>         |result<8>      |  384.408|
rg2<4>         |result<9>      |  373.167|
rg2<4>         |result<10>     |  362.772|
rg2<4>         |result<11>     |  252.777|
rg2<4>         |result<12>     |  132.095|
rg2<4>         |result<13>     |   29.190|
rg2<4>         |result<14>     |   13.613|
rg2<5>         |result<1>      |  545.678|
rg2<5>         |result<2>      |  540.527|
rg2<5>         |result<3>      |  532.225|
rg2<5>         |result<4>      |  522.752|
rg2<5>         |result<5>      |  510.531|
rg2<5>         |result<6>      |  500.852|
rg2<5>         |result<7>      |  491.710|
rg2<5>         |result<8>      |  481.445|
rg2<5>         |result<9>      |  470.204|
rg2<5>         |result<10>     |  459.809|
rg2<5>         |result<11>     |  349.814|
rg2<5>         |result<12>     |  229.132|
rg2<5>         |result<13>     |  126.227|
rg2<5>         |result<14>     |   23.682|
rg2<5>         |result<15>     |   11.057|
rg2<6>         |result<1>      |  650.728|
rg2<6>         |result<2>      |  645.577|
rg2<6>         |result<3>      |  637.275|
rg2<6>         |result<4>      |  627.802|
rg2<6>         |result<5>      |  615.581|
rg2<6>         |result<6>      |  605.902|
rg2<6>         |result<7>      |  596.760|
rg2<6>         |result<8>      |  586.495|
rg2<6>         |result<9>      |  575.254|
rg2<6>         |result<10>     |  564.859|
rg2<6>         |result<11>     |  454.864|
rg2<6>         |result<12>     |  334.182|
rg2<6>         |result<13>     |  231.277|
rg2<6>         |result<14>     |  128.732|
rg2<6>         |result<15>     |   26.281|
rg2<6>         |result<16>     |   10.612|
rg2<7>         |result<1>      |  752.509|
rg2<7>         |result<2>      |  747.358|
rg2<7>         |result<3>      |  739.056|
rg2<7>         |result<4>      |  729.583|
rg2<7>         |result<5>      |  717.362|
rg2<7>         |result<6>      |  707.683|
rg2<7>         |result<7>      |  698.541|
rg2<7>         |result<8>      |  688.276|
rg2<7>         |result<9>      |  677.035|
rg2<7>         |result<10>     |  666.640|
rg2<7>         |result<11>     |  556.645|
rg2<7>         |result<12>     |  435.963|
rg2<7>         |result<13>     |  333.058|
rg2<7>         |result<14>     |  230.513|
rg2<7>         |result<15>     |  128.062|
rg2<7>         |result<16>     |   24.046|
rg2<7>         |result<17>     |   10.999|
rg2<8>         |result<1>      |  869.824|
rg2<8>         |result<2>      |  864.673|
rg2<8>         |result<3>      |  856.371|
rg2<8>         |result<4>      |  846.898|
rg2<8>         |result<5>      |  834.677|
rg2<8>         |result<6>      |  824.998|
rg2<8>         |result<7>      |  815.856|
rg2<8>         |result<8>      |  805.591|
rg2<8>         |result<9>      |  794.350|
rg2<8>         |result<10>     |  783.955|
rg2<8>         |result<11>     |  673.960|
rg2<8>         |result<12>     |  553.278|
rg2<8>         |result<13>     |  450.373|
rg2<8>         |result<14>     |  347.828|
rg2<8>         |result<15>     |  245.377|
rg2<8>         |result<16>     |  141.361|
rg2<8>         |result<17>     |   23.620|
rg2<8>         |result<18>     |    7.529|
rg2<9>         |result<1>      |  956.614|
rg2<9>         |result<2>      |  951.463|
rg2<9>         |result<3>      |  943.161|
rg2<9>         |result<4>      |  933.688|
rg2<9>         |result<5>      |  921.467|
rg2<9>         |result<6>      |  911.788|
rg2<9>         |result<7>      |  902.646|
rg2<9>         |result<8>      |  892.381|
rg2<9>         |result<9>      |  881.140|
rg2<9>         |result<10>     |  870.745|
rg2<9>         |result<11>     |  760.750|
rg2<9>         |result<12>     |  640.068|
rg2<9>         |result<13>     |  537.163|
rg2<9>         |result<14>     |  434.618|
rg2<9>         |result<15>     |  332.167|
rg2<9>         |result<16>     |  228.151|
rg2<9>         |result<17>     |  110.410|
rg2<9>         |result<18>     |    7.987|
rg2<9>         |result<19>     |    7.832|
---------------+---------------+---------+


Analysis completed Sat Dec 14 16:53:04 2019 
--------------------------------------------------------------------------------

Trace Settings:
-------------------------
Trace Settings 

Peak Memory Usage: 4637 MB



