AR mult_function mult_function_beh "D:/SN4NTR/BSUIR/Course Project/Xilinx Simulation/multiplier.vhd" sub00/vhpl02 1575730605
EN test_mult NULL "D:/SN4NTR/BSUIR/Course Project/Xilinx Simulation/test.vhd" sub00/vhpl03 1575622865
EN mult_function NULL "D:/SN4NTR/BSUIR/Course Project/Xilinx Simulation/multiplier.vhd" sub00/vhpl01 1575730604
AR test_mult test_beh "D:/SN4NTR/BSUIR/Course Project/Xilinx Simulation/test.vhd" sub00/vhpl04 1575622866
PH project_package NULL "D:/SN4NTR/BSUIR/Course Project/Xilinx Simulation/project_package.vhd" sub00/vhpl00 1575730603
