--------------------------------------------------------------------------------
Release 14.7 Trace  (nt64)
Copyright (c) 1995-2013 Xilinx, Inc.  All rights reserved.

D:\Programs\XilinxISE\14.7\ISE_DS\ISE\bin\nt64\unwrapped\trce.exe -intstyle ise
-v 3 -s 4 -n 3 -fastpaths -xml mult_function.twx mult_function.ncd -o
mult_function.twr mult_function.pcf

Design file:              mult_function.ncd
Physical constraint file: mult_function.pcf
Device,package,speed:     xa3s1000,ftg256,-4 (PRODUCTION 1.39 2013-10-13)
Report level:             verbose report

Environment Variable      Effect 
--------------------      ------ 
NONE                      No environment variables were set
--------------------------------------------------------------------------------

INFO:Timing:2698 - No timing constraints found, doing default enumeration.
INFO:Timing:3412 - To improve timing, see the Timing Closure User Guide (UG612).
INFO:Timing:2752 - To get complete path coverage, use the unconstrained paths 
   option. All paths that are not constrained will be reported in the 
   unconstrained paths section(s) of the report.
INFO:Timing:3339 - The clock-to-out numbers in this timing report are based on 
   a 50 Ohm transmission line loading model.  For the details of this model, 
   and for more information on accounting for different loading conditions, 
   please see the device datasheet.
INFO:Timing:3390 - This architecture does not support a default System Jitter 
   value, please add SYSTEM_JITTER constraint to the UCF to modify the Clock 
   Uncertainty calculation.
INFO:Timing:3389 - This architecture does not support 'Discrete Jitter' and 
   'Phase Error' calculations, these terms will be zero in the Clock 
   Uncertainty calculation.  Please make appropriate modification to 
   SYSTEM_JITTER to account for the unsupported Discrete Jitter and Phase 
   Error.



Data Sheet report:
-----------------
All values displayed in nanoseconds (ns)

Pad to Pad
---------------+---------------+---------+
Source Pad     |Destination Pad|  Delay  |
---------------+---------------+---------+
rg1<0>         |result<1>      |   98.773|
rg1<0>         |result<2>      |   87.488|
rg1<0>         |result<3>      |   73.776|
rg1<0>         |result<4>      |   60.320|
rg1<0>         |result<5>      |   30.714|
rg1<1>         |result<1>      |   99.796|
rg1<1>         |result<2>      |   88.511|
rg1<1>         |result<3>      |   74.799|
rg1<1>         |result<4>      |   61.343|
rg1<1>         |result<5>      |   31.737|
rg1<2>         |result<1>      |  102.558|
rg1<2>         |result<2>      |   91.273|
rg1<2>         |result<3>      |   77.561|
rg1<2>         |result<4>      |   64.105|
rg1<2>         |result<5>      |   34.499|
rg1<2>         |result<6>      |   16.718|
rg1<3>         |result<1>      |   99.554|
rg1<3>         |result<2>      |   88.269|
rg1<3>         |result<3>      |   74.557|
rg1<3>         |result<4>      |   61.101|
rg1<3>         |result<5>      |   31.495|
rg1<3>         |result<6>      |   15.404|
rg1<3>         |result<7>      |   11.098|
rg2<0>         |result<1>      |   11.292|
rg2<0>         |result<2>      |   14.790|
rg2<0>         |result<3>      |   12.770|
rg2<0>         |result<4>      |   14.812|
rg2<1>         |result<1>      |   64.414|
rg2<1>         |result<2>      |   53.129|
rg2<1>         |result<3>      |   39.417|
rg2<1>         |result<4>      |   25.400|
rg2<1>         |result<5>      |   10.142|
rg2<2>         |result<1>      |   98.533|
rg2<2>         |result<2>      |   87.248|
rg2<2>         |result<3>      |   73.536|
rg2<2>         |result<4>      |   60.080|
rg2<2>         |result<5>      |   30.474|
rg2<2>         |result<6>      |    9.078|
rg2<3>         |result<1>      |   99.884|
rg2<3>         |result<2>      |   88.599|
rg2<3>         |result<3>      |   74.887|
rg2<3>         |result<4>      |   61.431|
rg2<3>         |result<5>      |   31.825|
rg2<3>         |result<6>      |   14.508|
rg2<3>         |result<7>      |   10.157|
---------------+---------------+---------+


Analysis completed Sat Dec 07 17:57:21 2019 
--------------------------------------------------------------------------------

Trace Settings:
-------------------------
Trace Settings 

Peak Memory Usage: 4512 MB



